  Determining projects to restore...
  All projects are up-to-date for restore.
  OtoMangaStore.Domain -> E:\Projects\Rider\OtaManga\OtoMangaStore.Domain\bin\Debug\net9.0\OtoMangaStore.Domain.dll
E:\Projects\Rider\OtaManga\OtoMangaStore.Application\UseCases\Auth\Commands\Login\LoginCommand.cs(6,42): error CS0246: The type or namespace name 'LoginResponseDto' could not be found (are you missing a using directive or an assembly reference?) [E:\Projects\Rider\OtaManga\OtoMangaStore.Application\OtoMangaStore.Application.csproj]
E:\Projects\Rider\OtaManga\OtoMangaStore.Application\UseCases\Auth\Commands\Login\LoginHandler.cs(8,18): error CS0311: The type 'OtoMangaStore.Application.UseCases.Auth.Commands.Login.LoginCommand' cannot be used as type parameter 'TRequest' in the generic type or method 'IRequestHandler<TRequest, TResponse>'. There is no implicit reference conversion from 'OtoMangaStore.Application.UseCases.Auth.Commands.Login.LoginCommand' to 'MediatR.IRequest<OtoMangaStore.Application.DTOs.Auth.LoginResponseDto>'. [E:\Projects\Rider\OtaManga\OtoMangaStore.Application\OtoMangaStore.Application.csproj]
E:\Projects\Rider\OtaManga\OtoMangaStore.Application\UseCases\Orders\Commands\CreateOrder\CreateOrderHandler.cs(9,26): error CS0246: The type or namespace name 'IUnitOfWork' could not be found (are you missing a using directive or an assembly reference?) [E:\Projects\Rider\OtaManga\OtoMangaStore.Application\OtoMangaStore.Application.csproj]
E:\Projects\Rider\OtaManga\OtoMangaStore.Application\UseCases\Orders\Commands\CreateOrder\CreateOrderHandler.cs(11,35): error CS0246: The type or namespace name 'IUnitOfWork' could not be found (are you missing a using directive or an assembly reference?) [E:\Projects\Rider\OtaManga\OtoMangaStore.Application\OtoMangaStore.Application.csproj]

Build FAILED.

E:\Projects\Rider\OtaManga\OtoMangaStore.Application\UseCases\Auth\Commands\Login\LoginCommand.cs(6,42): error CS0246: The type or namespace name 'LoginResponseDto' could not be found (are you missing a using directive or an assembly reference?) [E:\Projects\Rider\OtaManga\OtoMangaStore.Application\OtoMangaStore.Application.csproj]
E:\Projects\Rider\OtaManga\OtoMangaStore.Application\UseCases\Auth\Commands\Login\LoginHandler.cs(8,18): error CS0311: The type 'OtoMangaStore.Application.UseCases.Auth.Commands.Login.LoginCommand' cannot be used as type parameter 'TRequest' in the generic type or method 'IRequestHandler<TRequest, TResponse>'. There is no implicit reference conversion from 'OtoMangaStore.Application.UseCases.Auth.Commands.Login.LoginCommand' to 'MediatR.IRequest<OtoMangaStore.Application.DTOs.Auth.LoginResponseDto>'. [E:\Projects\Rider\OtaManga\OtoMangaStore.Application\OtoMangaStore.Application.csproj]
E:\Projects\Rider\OtaManga\OtoMangaStore.Application\UseCases\Orders\Commands\CreateOrder\CreateOrderHandler.cs(9,26): error CS0246: The type or namespace name 'IUnitOfWork' could not be found (are you missing a using directive or an assembly reference?) [E:\Projects\Rider\OtaManga\OtoMangaStore.Application\OtoMangaStore.Application.csproj]
E:\Projects\Rider\OtaManga\OtoMangaStore.Application\UseCases\Orders\Commands\CreateOrder\CreateOrderHandler.cs(11,35): error CS0246: The type or namespace name 'IUnitOfWork' could not be found (are you missing a using directive or an assembly reference?) [E:\Projects\Rider\OtaManga\OtoMangaStore.Application\OtoMangaStore.Application.csproj]
    0 Warning(s)
    4 Error(s)

Time Elapsed 00:00:02.57
